// Jest Snapshot v1, https://goo.gl/fbAQLP

exports[`Components BtnPlay renders correctly 1`] = `
<section
  className="catalog"
>
  <h2
    className="catalog__title visually-hidden"
  >
    Catalog
  </h2>
  <ul
    className="catalog__genres-list"
  >
    <li
      className="catalog__genres-item catalog__genres-item--active"
    >
      <a
        className="catalog__genres-link"
        href="#"
        onClick={[Function]}
      >
        All genres
      </a>
    </li>
    <li
      className="catalog__genres-item "
    >
      <a
        className="catalog__genres-link"
        href="#"
        onClick={[Function]}
      >
        Triller
      </a>
    </li>
    <li
      className="catalog__genres-item "
    >
      <a
        className="catalog__genres-link"
        href="#"
        onClick={[Function]}
      >
        Horror
      </a>
    </li>
    <li
      className="catalog__genres-item "
    >
      <a
        className="catalog__genres-link"
        href="#"
        onClick={[Function]}
      >
        Comedy
      </a>
    </li>
    <li
      className="catalog__genres-item "
    >
      <a
        className="catalog__genres-link"
        href="#"
        onClick={[Function]}
      >
        Militant
      </a>
    </li>
  </ul>
  <div
    className="catalog__movies-list"
  >
    <article
      className="small-movie-card catalog__movies-card"
      onMouseOut={[Function]}
      onMouseOver={[Function]}
    >
      <div
        className="small-movie-card__image"
      >
        <video
          height="175"
          muted={true}
          poster="img/johnny-english.jpg"
          width="280"
        >
          <source
            src="https://download.blender.org/durian/trailer/sintel_trailer-480p.mp4"
          />
        </video>
      </div>
      <h3
        className="small-movie-card__title"
      >
        <a
          className="small-movie-card__link"
          href="#/film/1"
          onClick={[Function]}
        >
          Drive
        </a>
      </h3>
    </article>
    <article
      className="small-movie-card catalog__movies-card"
      onMouseOut={[Function]}
      onMouseOver={[Function]}
    >
      <div
        className="small-movie-card__image"
      >
        <video
          height="175"
          muted={true}
          poster="img/macbeth.jpg"
          width="280"
        >
          <source
            src="https://upload.wikimedia.org/wikipedia/commons/transcoded/b/b3/Big_Buck_Bunny_Trailer_400p.ogv/Big_Buck_Bunny_Trailer_400p.ogv.360p.webm"
          />
        </video>
      </div>
      <h3
        className="small-movie-card__title"
      >
        <a
          className="small-movie-card__link"
          href="#/film/2"
          onClick={[Function]}
        >
          Astral
        </a>
      </h3>
    </article>
  </div>
  <div
    className="catalog__more"
  >
    <button
      className="catalog__button"
      onClick={[Function]}
      type="button"
    >
      Show more
    </button>
  </div>
</section>
`;
